
> focusfight-frontend@0.1.0 build
> vite build

[36mvite v5.4.21 [32mbuilding for production...[36m[39m
transforming...
[32mΓ£ô[39m 18 modules transformed.
node.exe : [31mx[39m Build failed in 940ms
At C:\Program Files\nodejs\npm.ps1:29 char:3
+   & $NODE_EXE $NPM_CLI_JS $args
+   ~~~~~~~~~~~~~~~~~~~~~~~~~~~~~
    + CategoryInfo          : NotSpecified: ([31mx[39m Build failed in 940ms:String) [], RemoteException
    + FullyQualifiedErrorId : NativeCommandError
 
[31merror during build:
[31m[vite:esbuild] Transform failed with 1 error:
C:/Users/hello/OneDrive/Desktop/FocusFight/frontend/src/pages/Invite.jsx:71:11: ERROR: Expected ")" but found 
"className"[31m
file: [36mC:/Users/hello/OneDrive/Desktop/FocusFight/frontend/src/pages/Invite.jsx:71:11[31m
[33m
[33mExpected ")" but found "className"[33m
69 |        </div>
70 |  
71 |        <div className="mt-8">
   |             ^
72 |          <PrizePoolPreview durationType={challenge.durationType} durationValue={challenge.durationValue} />
73 |        </div>
[31m
    at failureErrorWithLog (C:\Users\hello\OneDrive\Desktop\FocusFight\node_modules\esbuild\lib\main.js:1472:15)
    at C:\Users\hello\OneDrive\Desktop\FocusFight\node_modules\esbuild\lib\main.js:755:50
    at responseCallbacks.<computed> (C:\Users\hello\OneDrive\Desktop\FocusFight\node_modules\esbuild\lib\main.js:622:9)
    at handleIncomingPacket (C:\Users\hello\OneDrive\Desktop\FocusFight\node_modules\esbuild\lib\main.js:677:12)
    at Socket.readFromStdout (C:\Users\hello\OneDrive\Desktop\FocusFight\node_modules\esbuild\lib\main.js:600:7)
    at Socket.emit (node:events:518:28)
    at addChunk (node:internal/streams/readable:561:12)
    at readableAddChunkPushByteMode (node:internal/streams/readable:512:3)
    at Readable.push (node:internal/streams/readable:392:5)
    at Pipe.onStreamRead (node:internal/stream_base_commons:189:23)[39m
npm error Lifecycle script `build` failed with error:
npm error code 1
npm error path C:\Users\hello\OneDrive\Desktop\FocusFight\frontend
npm error workspace focusfight-frontend@0.1.0
npm error location C:\Users\hello\OneDrive\Desktop\FocusFight\frontend
npm error command failed
npm error command C:\Windows\system32\cmd.exe /d /s /c vite build
